Digest-LSH search across different forward-state families
preset=R5-rothash2 left_prefix=abcdef right_prefix=abcdee suffix_bytes=2 suffixes_per_side=4096 logical_cross_pairs=16777216 projections=32 projection_bytes=1
moves_per_symbol=6 diagonal_closure=64 orbit_closure=128 squeeze_bytes=32 squeeze_symbols_per_byte=4 foldback=on
projection=0 cumulative_candidates=65676 best_digest_bits=92
projection=1 cumulative_candidates=131208 best_digest_bits=89
projection=2 cumulative_candidates=196619 best_digest_bits=87
projection=3 cumulative_candidates=262015 best_digest_bits=87
projection=4 cumulative_candidates=327238 best_digest_bits=87
projection=5 cumulative_candidates=393114 best_digest_bits=87
projection=6 cumulative_candidates=458795 best_digest_bits=87
projection=7 cumulative_candidates=524061 best_digest_bits=87
projection=8 cumulative_candidates=589813 best_digest_bits=87
projection=9 cumulative_candidates=655399 best_digest_bits=87
projection=10 cumulative_candidates=721076 best_digest_bits=87
projection=11 cumulative_candidates=786425 best_digest_bits=87
projection=12 cumulative_candidates=852568 best_digest_bits=87
projection=13 cumulative_candidates=918340 best_digest_bits=87
projection=14 cumulative_candidates=984052 best_digest_bits=87
projection=15 cumulative_candidates=1049301 best_digest_bits=87
projection=16 cumulative_candidates=1114831 best_digest_bits=87
projection=17 cumulative_candidates=1180410 best_digest_bits=87
projection=18 cumulative_candidates=1246239 best_digest_bits=86
projection=19 cumulative_candidates=1311523 best_digest_bits=86
projection=20 cumulative_candidates=1376967 best_digest_bits=86
projection=21 cumulative_candidates=1442107 best_digest_bits=86
projection=22 cumulative_candidates=1507715 best_digest_bits=86
projection=23 cumulative_candidates=1573373 best_digest_bits=86
projection=24 cumulative_candidates=1639086 best_digest_bits=86
projection=25 cumulative_candidates=1705045 best_digest_bits=86
projection=26 cumulative_candidates=1770821 best_digest_bits=86
projection=27 cumulative_candidates=1836268 best_digest_bits=86
projection=28 cumulative_candidates=1901914 best_digest_bits=86
projection=29 cumulative_candidates=1967348 best_digest_bits=86
projection=30 cumulative_candidates=2032805 best_digest_bits=86
projection=31 cumulative_candidates=2098118 best_digest_bits=86
candidate_pairs_evaluated=2098118
forward_equal_skipped=0
generic_cross_min_digest_bits=86
best_digest_bits=86
left_message=abcdef0e82
right_message=abcdee05ce
exact_digest_collision=no
phase=after-forward state_bits=858 state_bytes=203
phase=after-foldback state_bits=1712 state_bytes=385
phase=after-diagonal-closure state_bits=2032 state_bytes=513
phase=after-orbit-closure state_bits=2089 state_bytes=513
phase=final state_bits=2118 state_bytes=515
phase=after-squeeze-byte index=0 state_bits=2041 emitted_prefix_bits=2
phase=after-squeeze-byte index=1 state_bits=2070 emitted_prefix_bits=6
phase=after-squeeze-byte index=2 state_bits=2054 emitted_prefix_bits=8
phase=after-squeeze-byte index=3 state_bits=2079 emitted_prefix_bits=9
phase=after-squeeze-byte index=4 state_bits=2057 emitted_prefix_bits=10
phase=after-squeeze-byte index=5 state_bits=2037 emitted_prefix_bits=15
phase=after-squeeze-byte index=6 state_bits=2065 emitted_prefix_bits=18
phase=after-squeeze-byte index=7 state_bits=2035 emitted_prefix_bits=19
phase=after-squeeze-byte index=8 state_bits=2022 emitted_prefix_bits=22
phase=after-squeeze-byte index=9 state_bits=2018 emitted_prefix_bits=24
phase=after-squeeze-byte index=10 state_bits=2039 emitted_prefix_bits=25
phase=after-squeeze-byte index=11 state_bits=2033 emitted_prefix_bits=25
phase=after-squeeze-byte index=12 state_bits=2065 emitted_prefix_bits=29
phase=after-squeeze-byte index=13 state_bits=2095 emitted_prefix_bits=31
phase=after-squeeze-byte index=14 state_bits=2126 emitted_prefix_bits=33
phase=after-squeeze-byte index=15 state_bits=2067 emitted_prefix_bits=36
phase=after-squeeze-byte index=16 state_bits=2047 emitted_prefix_bits=39
phase=after-squeeze-byte index=17 state_bits=2045 emitted_prefix_bits=41
phase=after-squeeze-byte index=18 state_bits=2044 emitted_prefix_bits=44
phase=after-squeeze-byte index=19 state_bits=2061 emitted_prefix_bits=46
phase=after-squeeze-byte index=20 state_bits=2062 emitted_prefix_bits=49
phase=after-squeeze-byte index=21 state_bits=2054 emitted_prefix_bits=51
phase=after-squeeze-byte index=22 state_bits=2039 emitted_prefix_bits=55
phase=after-squeeze-byte index=23 state_bits=2040 emitted_prefix_bits=57
phase=after-squeeze-byte index=24 state_bits=2059 emitted_prefix_bits=60
phase=after-squeeze-byte index=25 state_bits=2058 emitted_prefix_bits=64
phase=after-squeeze-byte index=26 state_bits=2064 emitted_prefix_bits=69
phase=after-squeeze-byte index=27 state_bits=2047 emitted_prefix_bits=74
phase=after-squeeze-byte index=28 state_bits=2038 emitted_prefix_bits=77
phase=after-squeeze-byte index=29 state_bits=2021 emitted_prefix_bits=80
phase=after-squeeze-byte index=30 state_bits=2081 emitted_prefix_bits=83
phase=after-squeeze-byte index=31 state_bits=2118 emitted_prefix_bits=86
