Digest-LSH search across different forward-state families
preset=R5-rothash2 left_prefix=000000 right_prefix=000001 suffix_bytes=2 suffixes_per_side=4096 logical_cross_pairs=16777216 projections=32 projection_bytes=1
moves_per_symbol=6 diagonal_closure=64 orbit_closure=128 squeeze_bytes=32 squeeze_symbols_per_byte=4 foldback=on
projection=0 cumulative_candidates=65132 best_digest_bits=90
projection=1 cumulative_candidates=130479 best_digest_bits=83
projection=2 cumulative_candidates=196172 best_digest_bits=83
projection=3 cumulative_candidates=262039 best_digest_bits=83
projection=4 cumulative_candidates=327219 best_digest_bits=83
projection=5 cumulative_candidates=393084 best_digest_bits=83
projection=6 cumulative_candidates=459149 best_digest_bits=83
projection=7 cumulative_candidates=524251 best_digest_bits=83
projection=8 cumulative_candidates=589869 best_digest_bits=83
projection=9 cumulative_candidates=655807 best_digest_bits=83
projection=10 cumulative_candidates=721286 best_digest_bits=83
projection=11 cumulative_candidates=787033 best_digest_bits=83
projection=12 cumulative_candidates=852348 best_digest_bits=83
projection=13 cumulative_candidates=917452 best_digest_bits=83
projection=14 cumulative_candidates=983206 best_digest_bits=83
projection=15 cumulative_candidates=1048577 best_digest_bits=83
projection=16 cumulative_candidates=1114102 best_digest_bits=83
projection=17 cumulative_candidates=1179626 best_digest_bits=83
projection=18 cumulative_candidates=1244941 best_digest_bits=83
projection=19 cumulative_candidates=1310506 best_digest_bits=83
projection=20 cumulative_candidates=1375770 best_digest_bits=83
projection=21 cumulative_candidates=1441605 best_digest_bits=83
projection=22 cumulative_candidates=1507066 best_digest_bits=83
projection=23 cumulative_candidates=1572254 best_digest_bits=83
projection=24 cumulative_candidates=1637642 best_digest_bits=83
projection=25 cumulative_candidates=1703604 best_digest_bits=83
projection=26 cumulative_candidates=1769380 best_digest_bits=83
projection=27 cumulative_candidates=1834949 best_digest_bits=83
projection=28 cumulative_candidates=1900571 best_digest_bits=83
projection=29 cumulative_candidates=1966337 best_digest_bits=83
projection=30 cumulative_candidates=2032361 best_digest_bits=83
projection=31 cumulative_candidates=2097593 best_digest_bits=83
candidate_pairs_evaluated=2097593
forward_equal_skipped=0
generic_cross_min_digest_bits=86
best_digest_bits=83
left_message=00000006c7
right_message=0000010adf
exact_digest_collision=no
phase=after-forward state_bits=732 state_bytes=191
phase=after-foldback state_bits=1438 state_bytes=359
phase=after-diagonal-closure state_bits=2117 state_bytes=515
phase=after-orbit-closure state_bits=2072 state_bytes=513
phase=final state_bits=2085 state_bytes=513
phase=after-squeeze-byte index=0 state_bits=2070 emitted_prefix_bits=4
phase=after-squeeze-byte index=1 state_bits=2035 emitted_prefix_bits=8
phase=after-squeeze-byte index=2 state_bits=2044 emitted_prefix_bits=11
phase=after-squeeze-byte index=3 state_bits=2047 emitted_prefix_bits=12
phase=after-squeeze-byte index=4 state_bits=2064 emitted_prefix_bits=14
phase=after-squeeze-byte index=5 state_bits=2094 emitted_prefix_bits=15
phase=after-squeeze-byte index=6 state_bits=2117 emitted_prefix_bits=18
phase=after-squeeze-byte index=7 state_bits=2124 emitted_prefix_bits=21
phase=after-squeeze-byte index=8 state_bits=2109 emitted_prefix_bits=23
phase=after-squeeze-byte index=9 state_bits=2083 emitted_prefix_bits=27
phase=after-squeeze-byte index=10 state_bits=2033 emitted_prefix_bits=29
phase=after-squeeze-byte index=11 state_bits=2060 emitted_prefix_bits=32
phase=after-squeeze-byte index=12 state_bits=2040 emitted_prefix_bits=36
phase=after-squeeze-byte index=13 state_bits=2038 emitted_prefix_bits=38
phase=after-squeeze-byte index=14 state_bits=2060 emitted_prefix_bits=40
phase=after-squeeze-byte index=15 state_bits=2002 emitted_prefix_bits=41
phase=after-squeeze-byte index=16 state_bits=2033 emitted_prefix_bits=41
phase=after-squeeze-byte index=17 state_bits=2055 emitted_prefix_bits=43
phase=after-squeeze-byte index=18 state_bits=2108 emitted_prefix_bits=46
phase=after-squeeze-byte index=19 state_bits=2111 emitted_prefix_bits=49
phase=after-squeeze-byte index=20 state_bits=2073 emitted_prefix_bits=49
phase=after-squeeze-byte index=21 state_bits=2047 emitted_prefix_bits=54
phase=after-squeeze-byte index=22 state_bits=2066 emitted_prefix_bits=57
phase=after-squeeze-byte index=23 state_bits=2115 emitted_prefix_bits=61
phase=after-squeeze-byte index=24 state_bits=2070 emitted_prefix_bits=62
phase=after-squeeze-byte index=25 state_bits=2104 emitted_prefix_bits=63
phase=after-squeeze-byte index=26 state_bits=2090 emitted_prefix_bits=67
phase=after-squeeze-byte index=27 state_bits=2101 emitted_prefix_bits=69
phase=after-squeeze-byte index=28 state_bits=2065 emitted_prefix_bits=72
phase=after-squeeze-byte index=29 state_bits=2087 emitted_prefix_bits=75
phase=after-squeeze-byte index=30 state_bits=2066 emitted_prefix_bits=78
phase=after-squeeze-byte index=31 state_bits=2085 emitted_prefix_bits=83
