Foldback separation profile
preset=R5-rothash2 prefix_count=1024 forward_collision_pairs=0
moves_per_symbol=6 diagonal_closure=64 orbit_closure=128 squeeze_bytes=32 squeeze_symbols_per_byte=4 foldback=on
return_xor_difference_preserved=0
first_divergence_at_expected_step=0
delayed_divergence=0
never_diverged=0
direct_return_transition_aliases=0
later_reconvergences=0
final_after_foldback_merges=0
gate_cube_bit_distance_min=18446744073709551615
gate_cube_bit_distance_mean=0.0000
gate_cube_bit_distance_max=0
gate_cube_byte_distance_min=18446744073709551615
gate_cube_byte_distance_mean=0.0000
gate_cube_byte_distance_max=0
final_cube_bit_distance_min=18446744073709551615
final_cube_bit_distance_mean=0.0000
final_cube_bit_distance_max=0
final_cube_byte_distance_min=18446744073709551615
final_cube_byte_distance_mean=0.0000
final_cube_byte_distance_max=0
cursor_different_at_gate=0
axis_different_at_gate=0
cursor_different_final=0
axis_different_final=0
reverse_step,count
absolute_byte_delta,count
